// Jest Snapshot v1, https://goo.gl/fbAQLP

exports[`InputForm should match the snapshot with all the data passed in correctly 1`] = `
<form
  className="main__form"
>
  <select
    className="select-project"
    onChange={[Function]}
    value="new-project"
  >
    <option
      value="new-project"
    >
      Create A New Project
    </option>
    <option
      key="optionundefined"
      value="Dining Room"
    >
      Dining Room
    </option>
  </select>
  <div
    className="form__input--new-project-name"
  >
    <input
      className="input__project-name"
      name="projectName"
      onChange={[Function]}
      placeholder="Project Name"
      type="text"
      value=""
    />
    <button
      onClick={[Function]}
    >
      Save New Project
    </button>
  </div>
  <input
    className="input__palette-name"
    name="paletteName"
    onChange={[Function]}
    placeholder="Palette Name"
    type="text"
    value=""
  />
  <button
    onClick={[Function]}
  >
    Save Palette
  </button>
</form>
`;

exports[`InputForm with select = ProjectName  should match the snapshot with all the data passed in correctly 1`] = `
<form
  className="main__form"
>
  <select
    className="select-project"
    onChange={[Function]}
    value="new-project"
  >
    <option
      value="new-project"
    >
      Create A New Project
    </option>
    <option
      key="optionundefined"
      value="Dining Room"
    >
      Dining Room
    </option>
  </select>
  <div
    className="form__input--new-project-name"
  >
    <input
      className="input__project-name"
      name="projectName"
      onChange={[Function]}
      placeholder="Project Name"
      type="text"
      value=""
    />
    <button
      onClick={[Function]}
    >
      Save New Project
    </button>
  </div>
  <input
    className="input__palette-name"
    name="paletteName"
    onChange={[Function]}
    placeholder="Palette Name"
    type="text"
    value=""
  />
  <button
    onClick={[Function]}
  >
    Save Palette
  </button>
</form>
`;
