// Jest Snapshot v1, https://goo.gl/fbAQLP

exports[`App should match the snapshot with all the data passed in correctly 1`] = `
<div
  className="App"
>
  <nav>
    <h1>
      <span
        className="page__title"
      >
        Picker of Palettes
      </span>
    </h1>
     
    <span />
  </nav>
  <main>
    <Color
      colors={
        Array [
          Object {
            "hex": "1f7ced",
            "isLocked": false,
          },
          Object {
            "hex": "1f7ced",
            "isLocked": false,
          },
          Object {
            "hex": "1f7ced",
            "isLocked": false,
          },
          Object {
            "hex": "1f7ced",
            "isLocked": false,
          },
          Object {
            "hex": "1f7ced",
            "isLocked": false,
          },
        ]
      }
      handleColorChange={[Function]}
      index="color4"
      key="color0"
      toggleColorLock={[Function]}
    />
    <Color
      colors={
        Array [
          Object {
            "hex": "1f7ced",
            "isLocked": false,
          },
          Object {
            "hex": "1f7ced",
            "isLocked": false,
          },
          Object {
            "hex": "1f7ced",
            "isLocked": false,
          },
          Object {
            "hex": "1f7ced",
            "isLocked": false,
          },
          Object {
            "hex": "1f7ced",
            "isLocked": false,
          },
        ]
      }
      handleColorChange={[Function]}
      index="color3"
      key="color1"
      toggleColorLock={[Function]}
    />
    <Color
      colors={
        Array [
          Object {
            "hex": "1f7ced",
            "isLocked": false,
          },
          Object {
            "hex": "1f7ced",
            "isLocked": false,
          },
          Object {
            "hex": "1f7ced",
            "isLocked": false,
          },
          Object {
            "hex": "1f7ced",
            "isLocked": false,
          },
          Object {
            "hex": "1f7ced",
            "isLocked": false,
          },
        ]
      }
      handleColorChange={[Function]}
      index="color2"
      key="color2"
      toggleColorLock={[Function]}
    />
    <Color
      colors={
        Array [
          Object {
            "hex": "1f7ced",
            "isLocked": false,
          },
          Object {
            "hex": "1f7ced",
            "isLocked": false,
          },
          Object {
            "hex": "1f7ced",
            "isLocked": false,
          },
          Object {
            "hex": "1f7ced",
            "isLocked": false,
          },
          Object {
            "hex": "1f7ced",
            "isLocked": false,
          },
        ]
      }
      handleColorChange={[Function]}
      index="color1"
      key="color3"
      toggleColorLock={[Function]}
    />
    <Color
      colors={
        Array [
          Object {
            "hex": "1f7ced",
            "isLocked": false,
          },
          Object {
            "hex": "1f7ced",
            "isLocked": false,
          },
          Object {
            "hex": "1f7ced",
            "isLocked": false,
          },
          Object {
            "hex": "1f7ced",
            "isLocked": false,
          },
          Object {
            "hex": "1f7ced",
            "isLocked": false,
          },
        ]
      }
      handleColorChange={[Function]}
      index="color0"
      key="color4"
      toggleColorLock={[Function]}
    />
  </main>
  <button
    onClick={[Function]}
    type="button"
  >
    Generate New Palette
  </button>
  <InputForm
    addPalette={[Function]}
    addProject={[Function]}
    key="inputForm"
    projects={Array []}
    setCurrentProject={[Function]}
  />
  <ProjectsContainer
    key="projectsContainer"
    projects={Array []}
    removeProject={[Function]}
  />
</div>
`;
